Using launch settings from D:\Projects\DueMap\DueMap\src\DueMap.Web\Properties\launchSettings.json...
[22:38:58 INF] Hangfire.SqlServer.SqlServerObjectsInstaller Start installing Hangfire SQL objects...
[22:38:58 INF] Hangfire.SqlServer.SqlServerObjectsInstaller Hangfire SQL objects installed.
[22:38:59 INF] DueMap.Web.Services.DemoSeeder Demo data already seeded (PM id=1); skipping.
[22:38:59 INF]  DueMap.Web starting up
[22:38:59 INF] Microsoft.Hosting.Lifetime Now listening on: https://localhost:63054
[22:38:59 INF] Microsoft.Hosting.Lifetime Now listening on: http://localhost:63055
[22:38:59 INF] Microsoft.Hosting.Lifetime Application started. Press Ctrl+C to shut down.
[22:38:59 INF] Microsoft.Hosting.Lifetime Hosting environment: Development
[22:38:59 INF] Microsoft.Hosting.Lifetime Content root path: D:\Projects\DueMap\DueMap\src\DueMap.Web
[22:39:21 INF] Serilog.AspNetCore.RequestLoggingMiddleware HTTP GET /Account/Register responded 200 in 100.5493 ms
[22:39:21 INF] Serilog.AspNetCore.RequestLoggingMiddleware HTTP GET /favicon.ico responded 302 in 13.1532 ms
[22:39:21 INF] Serilog.AspNetCore.RequestLoggingMiddleware HTTP GET /Account/Login responded 200 in 26.8089 ms
[22:39:24 INF] DueMap.Integrations.Services.SendGridEmailSender [dev fallback] Would send email
  To:      gatetest+1782234564426@example.com
  Subject: Confirm your email to activate DueMap
  Body:
Confirm your email
==================

Thanks for signing up for DueMap. Confirm this email address to activate your account — then we'll help you connect QuickBooks or Xero and set up automated rent reminders and late fees.

This link expires in 24 hours. Until you confirm, your account stays inactive and you won't be able to sign in.

Confirm my email →: https://localhost:63054/Account/ConfirmEmail?userId=8&token=Q2ZESjhMekI2OFNqWitOSnRTMHhHWDNVOUxTMnhsUVY4WCt5YVJyVlRHbkFpaWtveGFGcEJwTEdVSFRKakdmQXU2eWVwZ2xhblBKY3dhcXFWb0hlTUxJRUF0dHY2NGZGb3hsbDdiR2QxWFNOOE0rdDRueUwzaWdSbys2Qk5YdFYvL0RqMzNnNUhMeXJMZEVEQVE4eGs0c1hWbzg1RGVIQlhtRWNnSFdRdE5aUnUxK2RSWGlteWxJdXRsU29WZDFaYjFNQktRPT0

If you didn't create a DueMap account, you can safely ignore this email.

—
Sent by DueMap.
If you weren't expecting this email, you can safely ignore it.

[22:39:24 INF] Serilog.AspNetCore.RequestLoggingMiddleware HTTP POST /Account/Register responded 302 in 326.4986 ms
[22:39:24 INF] Serilog.AspNetCore.RequestLoggingMiddleware HTTP GET /Account/RegisterConfirmation responded 200 in 10.3290 ms
[22:39:24 INF] Serilog.AspNetCore.RequestLoggingMiddleware HTTP GET /favicon.ico responded 302 in 1.6016 ms
[22:39:24 INF] Serilog.AspNetCore.RequestLoggingMiddleware HTTP GET /Account/Login responded 200 in 4.3209 ms
[22:39:39 INF] Serilog.AspNetCore.RequestLoggingMiddleware HTTP GET /Account/Login responded 200 in 4.8385 ms
[22:39:39 INF] Serilog.AspNetCore.RequestLoggingMiddleware HTTP GET /favicon.ico responded 302 in 0.8086 ms
[22:39:39 INF] Serilog.AspNetCore.RequestLoggingMiddleware HTTP GET /Account/Login responded 200 in 1.3571 ms
[22:39:41 INF] Serilog.AspNetCore.RequestLoggingMiddleware HTTP POST /Account/Login responded 302 in 5.8693 ms
[22:39:41 INF] Serilog.AspNetCore.RequestLoggingMiddleware HTTP GET /oauth/intuit/signin responded 302 in 49.9387 ms
[22:40:25 INF] Serilog.AspNetCore.RequestLoggingMiddleware HTTP GET /Account/Login responded 200 in 5.4024 ms
[22:40:26 INF] Serilog.AspNetCore.RequestLoggingMiddleware HTTP GET /favicon.ico responded 302 in 0.6114 ms
[22:40:26 INF] Serilog.AspNetCore.RequestLoggingMiddleware HTTP GET /Account/Login responded 200 in 3.5659 ms
[22:40:28 INF] Serilog.AspNetCore.RequestLoggingMiddleware HTTP POST /Account/Login responded 200 in 36.4711 ms
[22:40:28 INF] Serilog.AspNetCore.RequestLoggingMiddleware HTTP GET /favicon.ico responded 302 in 1.7676 ms
[22:40:28 INF] Serilog.AspNetCore.RequestLoggingMiddleware HTTP GET /Account/Login responded 200 in 3.6277 ms
[22:41:28 INF] Serilog.AspNetCore.RequestLoggingMiddleware HTTP GET /Account/ConfirmEmail responded 200 in 97.6348 ms
[22:41:28 INF] Serilog.AspNetCore.RequestLoggingMiddleware HTTP GET /favicon.ico responded 404 in 3.3412 ms
[22:42:44 INF] Serilog.AspNetCore.RequestLoggingMiddleware HTTP GET / responded 302 in 199.9265 ms
[22:42:44 INF] Serilog.AspNetCore.RequestLoggingMiddleware HTTP GET /onboarding/connect responded 200 in 158.6077 ms
[22:42:44 INF] Serilog.AspNetCore.RequestLoggingMiddleware HTTP GET /lib/medium-editor/medium-editor.min.js responded 304 in 2.9485 ms
[22:42:44 INF] Serilog.AspNetCore.RequestLoggingMiddleware HTTP GET /lib/medium-editor/css/medium-editor.min.css responded 304 in 6.3617 ms
[22:42:44 INF] Serilog.AspNetCore.RequestLoggingMiddleware HTTP GET /lib/medium-editor/duemap-editor.css responded 304 in 6.2912 ms
[22:42:44 INF] Serilog.AspNetCore.RequestLoggingMiddleware HTTP GET /lib/medium-editor/css/default.min.css responded 304 in 6.6714 ms
[22:42:44 INF] Serilog.AspNetCore.RequestLoggingMiddleware HTTP GET /js/medium-editor-interop.js responded 304 in 0.2934 ms
[22:42:44 INF] Serilog.AspNetCore.RequestLoggingMiddleware HTTP GET /_framework/blazor.web.js responded 304 in 4.0429 ms
[22:42:44 INF] Serilog.AspNetCore.RequestLoggingMiddleware HTTP GET /_blazor/initializers responded 200 in 4.8264 ms
[22:42:44 INF] Serilog.AspNetCore.RequestLoggingMiddleware HTTP POST /_blazor/negotiate responded 200 in 8.1328 ms
[22:43:04 INF] Serilog.AspNetCore.RequestLoggingMiddleware HTTP CONNECT /_blazor responded 200 in 19468.8201 ms
[22:43:04 INF] Serilog.AspNetCore.RequestLoggingMiddleware HTTP POST /_blazor/disconnect responded 200 in 16.8245 ms
